// Jest Snapshot v1, https://goo.gl/fbAQLP

exports[`Testing the database Users Create User: prevents null password 1`] = `"null value in column "password" of relation "users" violates not-null constraint"`;
